t=     0s alt=       0m v=      0 vUp=      0 m=    6370kg fuel=   1700kg twr=     0 drag=     0 rho=    1.2 ready
t=  1.01s alt=     0.7m v=   1.39 vUp=   1.39 m=  6348.8kg fuel= 1678.8kg twr= 1.155 drag=     0 rho= 1.1992 flying
t=  2.01s alt=     2.8m v=   2.81 vUp=   2.81 m=  6327.8kg fuel= 1657.8kg twr=  1.16 drag= 0.001 rho=  1.197 flying
t=  3.01s alt=     6.4m v=   4.28 vUp=   4.28 m=  6306.8kg fuel= 1636.8kg twr= 1.166 drag= 0.003 rho= 1.1931 flying
t=  4.01s alt=    11.4m v=   5.79 vUp=   5.79 m=  6285.8kg fuel= 1615.8kg twr= 1.173 drag= 0.005 rho= 1.1877 flying
t=     5s alt=    17.9m v=   7.36 vUp=   7.36 m=    6265kg fuel=   1595kg twr= 1.181 drag= 0.008 rho= 1.1807 flying
t=     6s alt=    26.1m v=      9 vUp=      9 m=    6244kg fuel=   1574kg twr=  1.19 drag= 0.012 rho=  1.172 flying
t=     7s alt=    35.9m v=  10.71 vUp=  10.71 m=    6223kg fuel=   1553kg twr=   1.2 drag= 0.016 rho= 1.1615 flying
t=     8s alt=    47.5m v=  12.49 vUp=  12.49 m=    6202kg fuel=   1532kg twr= 1.211 drag= 0.022 rho= 1.1494 flying
t=     9s alt=      61m v=  14.37 vUp=  14.37 m=    6181kg fuel=   1511kg twr= 1.223 drag= 0.029 rho= 1.1354 flying
t=    10s alt=    76.3m v=  16.33 vUp=  16.33 m=    6160kg fuel=   1490kg twr= 1.236 drag= 0.037 rho= 1.1197 flying
t=    11s alt=    93.7m v=  18.39 vUp=  18.39 m=    6139kg fuel=   1469kg twr= 1.251 drag= 0.047 rho= 1.1022 flying
t= 12.01s alt=   113.3m v=  20.57 vUp=  20.57 m=  6117.8kg fuel= 1447.8kg twr= 1.267 drag= 0.058 rho= 1.0827 flying
t= 13.01s alt=     135m v=  22.85 vUp=  22.85 m=  6096.8kg fuel= 1426.8kg twr= 1.285 drag=  0.07 rho= 1.0616 flying
t= 14.01s alt=   159.1m v=  25.24 vUp=  25.24 m=  6075.8kg fuel= 1405.8kg twr= 1.305 drag= 0.084 rho= 1.0386 flying
t= 15.01s alt=   185.6m v=  27.76 vUp=  27.76 m=  6054.8kg fuel= 1384.8kg twr= 1.326 drag= 0.099 rho= 1.0139 flying
t= 16.01s alt=   214.7m v=  30.41 vUp=  30.41 m=  6033.8kg fuel= 1363.8kg twr= 1.349 drag= 0.116 rho= 0.9875 flying
t= 17.01s alt=   246.5m v=  33.19 vUp=  33.19 m=  6012.8kg fuel= 1342.8kg twr= 1.374 drag= 0.135 rho= 0.9594 flying
t= 18.01s alt=   281.1m v=  36.12 vUp=  36.12 m=  5991.8kg fuel= 1321.8kg twr= 1.402 drag= 0.156 rho= 0.9296 flying
t= 19.01s alt=   318.8m v=  39.19 vUp=  39.19 m=  5970.8kg fuel= 1300.8kg twr= 1.431 drag= 0.178 rho= 0.8984 flying
t= 20.01s alt=   359.6m v=  42.43 vUp=  42.43 m=  5949.8kg fuel= 1279.8kg twr= 1.464 drag= 0.201 rho= 0.8657 flying
t= 21.01s alt=   403.7m v=  45.82 vUp=  45.82 m=  5928.8kg fuel= 1258.8kg twr= 1.499 drag= 0.227 rho= 0.8317 flying
t= 22.01s alt=   451.3m v=  49.39 vUp=  49.39 m=  5907.8kg fuel= 1237.8kg twr= 1.537 drag= 0.253 rho= 0.7965 flying
t= 23.01s alt=   502.6m v=  53.13 vUp=  53.13 m=  5886.8kg fuel= 1216.8kg twr= 1.578 drag=  0.28 rho= 0.7602 flying
t= 24.01s alt=   557.7m v=  57.05 vUp=  57.05 m=  5865.8kg fuel= 1195.8kg twr= 1.623 drag= 0.309 rho= 0.7231 flying
t= 25.01s alt=   616.8m v=  61.15 vUp=  61.15 m=  5844.8kg fuel= 1174.8kg twr= 1.671 drag= 0.337 rho= 0.6853 flying
t= 26.01s alt=   680.1m v=  65.44 vUp=  65.44 m=  5823.8kg fuel= 1153.8kg twr= 1.723 drag= 0.366 rho=  0.647 flying
t= 27.01s alt=   747.7m v=  69.93 vUp=  69.93 m=  5802.8kg fuel= 1132.8kg twr=  1.78 drag= 0.394 rho= 0.6084 flying
t= 28.01s alt=     820m v=  74.62 vUp=  74.62 m=  5781.8kg fuel= 1111.8kg twr= 1.841 drag= 0.422 rho= 0.5697 flying
t= 29.01s alt=   897.1m v=  79.52 vUp=  79.52 m=  5760.8kg fuel= 1090.8kg twr= 1.907 drag= 0.449 rho= 0.5312 flying
t= 30.01s alt=   979.2m v=  84.63 vUp=  84.63 m=  5739.8kg fuel= 1069.8kg twr= 1.979 drag= 0.473 rho=  0.493 flying
t= 31.01s alt=  1066.5m v=  89.96 vUp=  89.96 m=  5718.8kg fuel= 1048.8kg twr= 2.057 drag= 0.496 rho= 0.4554 flying
t= 32.01s alt=  1159.2m v=   95.5 vUp=   95.5 m=  5697.8kg fuel= 1027.8kg twr=  2.14 drag= 0.515 rho= 0.4186 flying
t= 33.01s alt=  1257.6m v= 101.27 vUp= 101.27 m=  5676.8kg fuel= 1006.8kg twr= 2.231 drag= 0.532 rho= 0.3828 flying
t= 34.01s alt=  1361.9m v= 107.27 vUp= 107.27 m=  5655.8kg fuel=  985.8kg twr= 2.329 drag= 0.545 rho= 0.3482 flying
t= 35.01s alt=  1472.3m v=  113.5 vUp=  113.5 m=  5634.8kg fuel=  964.8kg twr= 2.435 drag= 0.554 rho=  0.315 flying
t= 36.01s alt=    1589m v= 119.97 vUp= 119.97 m=  5613.8kg fuel=  943.8kg twr= 2.549 drag= 0.559 rho= 0.2833 flying
t= 37.01s alt=  1712.3m v= 126.68 vUp= 126.68 m=  5592.8kg fuel=  922.8kg twr= 2.673 drag= 0.559 rho= 0.2532 flying
t= 38.01s alt=  1842.5m v= 133.63 vUp= 133.63 m=  5571.8kg fuel=  901.8kg twr= 2.807 drag= 0.555 rho=  0.225 flying
t= 39.01s alt=  1979.7m v= 140.82 vUp= 140.82 m=  5550.8kg fuel=  880.8kg twr= 2.951 drag= 0.546 rho= 0.1986 flying
t= 40.01s alt=  2124.3m v= 148.26 vUp= 148.26 m=  5529.8kg fuel=  859.8kg twr= 3.107 drag= 0.533 rho= 0.1742 flying
t= 41.01s alt=  2276.5m v= 156.55 vUp= 156.55 m=  3192.1kg fuel= 1692.1kg twr= 3.598 drag= 0.459 rho= 0.1517 flying
t= 42.01s alt=  2437.7m v= 165.72 vUp= 165.72 m=  3176.1kg fuel= 1676.1kg twr= 3.804 drag= 0.447 rho=  0.131 flying
t= 43.01s alt=  2608.2m v= 175.15 vUp= 175.15 m=  3160.1kg fuel= 1660.1kg twr= 4.028 drag=  0.43 rho= 0.1122 flying
t= 44.01s alt=  2788.2m v= 184.84 vUp= 184.84 m=  3144.1kg fuel= 1644.1kg twr= 4.272 drag= 0.409 rho= 0.0953 flying
t= 45.01s alt=    2978m v=  194.8 vUp=  194.8 m=  3128.1kg fuel= 1628.1kg twr= 4.538 drag= 0.384 rho= 0.0802 flying
t= 46.01s alt=  3177.9m v= 205.01 vUp= 205.01 m=  3112.1kg fuel= 1612.1kg twr= 4.826 drag= 0.356 rho= 0.0669 flying
t= 47.01s alt=  3388.2m v= 215.48 vUp= 215.48 m=  3096.1kg fuel= 1596.1kg twr= 5.139 drag= 0.327 rho= 0.0552 flying
t= 48.01s alt=  3609.1m v= 226.21 vUp= 226.21 m=  3080.1kg fuel= 1580.1kg twr=  5.48 drag= 0.296 rho= 0.0452 flying
t= 49.01s alt=  3840.8m v= 237.19 vUp= 237.19 m=  3064.1kg fuel= 1564.1kg twr= 5.849 drag= 0.265 rho= 0.0366 flying
t= 50.01s alt=  4083.6m v= 248.41 vUp= 248.41 m=  3048.1kg fuel= 1548.1kg twr= 6.249 drag= 0.235 rho= 0.0294 flying
t= 51.01s alt=  4337.8m v= 259.86 vUp= 259.86 m=  3032.1kg fuel= 1532.1kg twr= 6.683 drag= 0.205 rho= 0.0233 flying
t= 52.01s alt=  4603.5m v= 271.55 vUp= 271.55 m=  3016.1kg fuel= 1516.1kg twr= 7.154 drag= 0.177 rho= 0.0183 flying
t= 53.01s alt=  4881.1m v= 283.47 vUp= 283.47 m=  3000.1kg fuel= 1500.1kg twr= 7.663 drag=  0.15 rho= 0.0142 flying
t= 53.42s alt=  5000.2m v= 288.49 vUp= 288.49 m=  2993.5kg fuel= 1493.5kg twr= 7.888 drag=  0.14 rho= 0.0128 space

EVENTS: 0s:ignition  0.85s:liftoff  40.52s:stage  40.52s:ignition  53.42s:space