t=     0s alt=       0m v=      0 vUp=      0 m=    6270kg fuel=   4300kg twr=     0 drag=     0 rho=    1.2 ready
t=  1.01s alt=       0m v=      0 vUp=  -0.02 m=  6253.9kg fuel= 4283.9kg twr= 0.746 drag=     0 rho=    1.2 ready
t=  2.01s alt=       0m v=      0 vUp=  -0.02 m=  6237.9kg fuel= 4267.9kg twr= 0.748 drag=     0 rho=    1.2 ready
t=  3.01s alt=       0m v=      0 vUp=  -0.02 m=  6221.9kg fuel= 4251.9kg twr=  0.75 drag=     0 rho=    1.2 ready
t=  4.01s alt=       0m v=      0 vUp=  -0.02 m=  6205.9kg fuel= 4235.9kg twr= 0.752 drag=     0 rho=    1.2 ready
t=     5s alt=       0m v=      0 vUp=  -0.02 m=    6190kg fuel=   4220kg twr= 0.754 drag=     0 rho=    1.2 ready
t=     6s alt=       0m v=      0 vUp=  -0.02 m=    6174kg fuel=   4204kg twr= 0.756 drag=     0 rho=    1.2 ready
t=     7s alt=       0m v=      0 vUp=  -0.02 m=    6158kg fuel=   4188kg twr= 0.758 drag=     0 rho=    1.2 ready
t=     8s alt=       0m v=      0 vUp=  -0.02 m=    6142kg fuel=   4172kg twr=  0.76 drag=     0 rho=    1.2 ready
t=     9s alt=       0m v=      0 vUp=  -0.02 m=    6126kg fuel=   4156kg twr= 0.762 drag=     0 rho=    1.2 ready
t=    10s alt=       0m v=      0 vUp=  -0.02 m=    6110kg fuel=   4140kg twr= 0.764 drag=     0 rho=    1.2 ready
t=    11s alt=       0m v=      0 vUp=  -0.02 m=    6094kg fuel=   4124kg twr= 0.766 drag=     0 rho=    1.2 ready
t= 12.01s alt=       0m v=      0 vUp=  -0.02 m=  6077.9kg fuel= 4107.9kg twr= 0.768 drag=     0 rho=    1.2 ready
t= 13.01s alt=       0m v=      0 vUp=  -0.02 m=  6061.9kg fuel= 4091.9kg twr=  0.77 drag=     0 rho=    1.2 ready
t= 14.01s alt=       0m v=      0 vUp=  -0.02 m=  6045.9kg fuel= 4075.9kg twr= 0.772 drag=     0 rho=    1.2 ready
t= 15.01s alt=       0m v=      0 vUp=  -0.02 m=  6029.9kg fuel= 4059.9kg twr= 0.774 drag=     0 rho=    1.2 ready
t= 16.01s alt=       0m v=      0 vUp=  -0.02 m=  6013.9kg fuel= 4043.9kg twr= 0.776 drag=     0 rho=    1.2 ready
t= 17.01s alt=       0m v=      0 vUp=  -0.02 m=  5997.9kg fuel= 4027.9kg twr= 0.778 drag=     0 rho=    1.2 ready
t= 18.01s alt=       0m v=      0 vUp=  -0.02 m=  5981.9kg fuel= 4011.9kg twr=  0.78 drag=     0 rho=    1.2 ready
t= 19.01s alt=       0m v=      0 vUp=  -0.02 m=  5965.9kg fuel= 3995.9kg twr= 0.782 drag=     0 rho=    1.2 ready
t= 20.01s alt=       0m v=      0 vUp=  -0.02 m=  5949.9kg fuel= 3979.9kg twr= 0.784 drag=     0 rho=    1.2 ready
t= 21.01s alt=       0m v=      0 vUp=  -0.02 m=  5933.9kg fuel= 3963.9kg twr= 0.786 drag=     0 rho=    1.2 ready
t= 22.01s alt=       0m v=      0 vUp=  -0.02 m=  5917.9kg fuel= 3947.9kg twr= 0.789 drag=     0 rho=    1.2 ready
t= 23.01s alt=       0m v=      0 vUp=  -0.02 m=  5901.9kg fuel= 3931.9kg twr= 0.791 drag=     0 rho=    1.2 ready
t= 24.01s alt=       0m v=      0 vUp=  -0.02 m=  5885.9kg fuel= 3915.9kg twr= 0.793 drag=     0 rho=    1.2 ready
t= 25.01s alt=       0m v=      0 vUp=  -0.02 m=  5869.9kg fuel= 3899.9kg twr= 0.795 drag=     0 rho=    1.2 ready
t= 26.01s alt=       0m v=      0 vUp=  -0.02 m=  5853.9kg fuel= 3883.9kg twr= 0.797 drag=     0 rho=    1.2 ready
t= 27.01s alt=       0m v=      0 vUp=  -0.02 m=  5837.9kg fuel= 3867.9kg twr= 0.799 drag=     0 rho=    1.2 ready
t= 28.01s alt=       0m v=      0 vUp=  -0.01 m=  5821.9kg fuel= 3851.9kg twr= 0.802 drag=     0 rho=    1.2 ready
t= 29.01s alt=       0m v=      0 vUp=  -0.01 m=  5805.9kg fuel= 3835.9kg twr= 0.804 drag=     0 rho=    1.2 ready
t= 30.01s alt=       0m v=      0 vUp=  -0.01 m=  5789.9kg fuel= 3819.9kg twr= 0.806 drag=     0 rho=    1.2 ready
t= 31.01s alt=       0m v=      0 vUp=  -0.01 m=  5773.9kg fuel= 3803.9kg twr= 0.808 drag=     0 rho=    1.2 ready
t= 32.01s alt=       0m v=      0 vUp=  -0.01 m=  5757.9kg fuel= 3787.9kg twr=  0.81 drag=     0 rho=    1.2 ready
t= 33.01s alt=       0m v=      0 vUp=  -0.01 m=  5741.9kg fuel= 3771.9kg twr= 0.813 drag=     0 rho=    1.2 ready
t= 34.01s alt=       0m v=      0 vUp=  -0.01 m=  5725.9kg fuel= 3755.9kg twr= 0.815 drag=     0 rho=    1.2 ready
t= 35.01s alt=       0m v=      0 vUp=  -0.01 m=  5709.9kg fuel= 3739.9kg twr= 0.817 drag=     0 rho=    1.2 ready
t= 36.01s alt=       0m v=      0 vUp=  -0.01 m=  5693.9kg fuel= 3723.9kg twr=  0.82 drag=     0 rho=    1.2 ready
t= 37.01s alt=       0m v=      0 vUp=  -0.01 m=  5677.9kg fuel= 3707.9kg twr= 0.822 drag=     0 rho=    1.2 ready
t= 38.01s alt=       0m v=      0 vUp=  -0.01 m=  5661.9kg fuel= 3691.9kg twr= 0.824 drag=     0 rho=    1.2 ready
t= 39.01s alt=       0m v=      0 vUp=  -0.01 m=  5645.9kg fuel= 3675.9kg twr= 0.827 drag=     0 rho=    1.2 ready
t= 40.01s alt=       0m v=      0 vUp=  -0.01 m=  5629.9kg fuel= 3659.9kg twr= 0.829 drag=     0 rho=    1.2 ready
t= 41.01s alt=       0m v=      0 vUp=  -0.01 m=  5613.9kg fuel= 3643.9kg twr= 0.831 drag=     0 rho=    1.2 ready
t= 42.01s alt=       0m v=      0 vUp=  -0.01 m=  5597.9kg fuel= 3627.9kg twr= 0.834 drag=     0 rho=    1.2 ready
t= 43.01s alt=       0m v=      0 vUp=  -0.01 m=  5581.9kg fuel= 3611.9kg twr= 0.836 drag=     0 rho=    1.2 ready
t= 44.01s alt=       0m v=      0 vUp=  -0.01 m=  5565.9kg fuel= 3595.9kg twr= 0.838 drag=     0 rho=    1.2 ready
t= 45.01s alt=       0m v=      0 vUp=  -0.01 m=  5549.9kg fuel= 3579.9kg twr= 0.841 drag=     0 rho=    1.2 ready
t= 45.01s alt=       0m v=      0 vUp=  -0.01 m=  5549.9kg fuel= 3579.9kg twr= 0.841 drag=     0 rho=    1.2 ready

EVENTS: 0s:ignition