t=     0s alt=       0m v=      0 vUp=      0 m=    6950kg fuel=   4300kg twr=     0 drag=     0 rho=    1.2 ready
t=  1.01s alt=     0.3m v=   0.52 vUp=   0.52 m=  6928.8kg fuel= 4278.8kg twr= 1.058 drag=     0 rho= 1.1997 ready
t=  2.01s alt=       1m v=   1.06 vUp=   1.06 m=  6907.8kg fuel= 4257.8kg twr= 1.062 drag=     0 rho= 1.1989 flying
t=  3.01s alt=     2.4m v=   1.63 vUp=   1.63 m=  6886.8kg fuel= 4236.8kg twr= 1.066 drag=     0 rho= 1.1974 flying
t=  4.01s alt=     4.3m v=   2.25 vUp=   2.25 m=  6865.8kg fuel= 4215.8kg twr=  1.07 drag=     0 rho= 1.1953 flying
t=     5s alt=     6.9m v=   2.89 vUp=   2.89 m=    6845kg fuel=   4195kg twr= 1.075 drag= 0.001 rho= 1.1925 flying
t=     6s alt=    10.1m v=   3.59 vUp=   3.59 m=    6824kg fuel=   4174kg twr=  1.08 drag= 0.001 rho=  1.189 flying
t=     7s alt=    14.1m v=   4.33 vUp=   4.33 m=    6803kg fuel=   4153kg twr= 1.086 drag= 0.002 rho= 1.1848 flying
t=     8s alt=    18.8m v=   5.11 vUp=   5.11 m=    6782kg fuel=   4132kg twr= 1.091 drag= 0.002 rho= 1.1797 flying
t=     9s alt=    24.3m v=   5.95 vUp=   5.95 m=    6761kg fuel=   4111kg twr= 1.098 drag= 0.003 rho= 1.1738 flying
t=    10s alt=    30.7m v=   6.85 vUp=   6.85 m=    6740kg fuel=   4090kg twr= 1.105 drag= 0.004 rho=  1.167 flying
t=    11s alt=      38m v=    7.8 vUp=    7.8 m=    6719kg fuel=   4069kg twr= 1.112 drag= 0.006 rho= 1.1593 flying
t= 12.01s alt=    46.4m v=   8.83 vUp=   8.83 m=  6697.8kg fuel= 4047.8kg twr=  1.12 drag= 0.007 rho= 1.1505 flying
t= 13.01s alt=    55.8m v=   9.92 vUp=   9.92 m=  6676.8kg fuel= 4026.8kg twr= 1.129 drag= 0.009 rho= 1.1407 flying
t= 14.01s alt=    66.3m v=  11.07 vUp=  11.07 m=  6655.8kg fuel= 4005.8kg twr= 1.139 drag= 0.011 rho= 1.1299 flying
t= 15.01s alt=      78m v=  12.31 vUp=  12.31 m=  6634.8kg fuel= 3984.8kg twr= 1.149 drag= 0.014 rho=  1.118 flying
t= 16.01s alt=    90.9m v=  13.62 vUp=  13.62 m=  6613.8kg fuel= 3963.8kg twr=  1.16 drag= 0.017 rho= 1.1049 flying
t= 17.01s alt=   105.3m v=  15.03 vUp=  15.03 m=  6592.8kg fuel= 3942.8kg twr= 1.172 drag=  0.02 rho= 1.0906 flying
t= 18.01s alt=     121m v=  16.52 vUp=  16.52 m=  6571.8kg fuel= 3921.8kg twr= 1.184 drag= 0.024 rho= 1.0751 flying
t= 19.01s alt=   138.4m v=  18.11 vUp=  18.11 m=  6550.8kg fuel= 3900.8kg twr= 1.198 drag= 0.028 rho= 1.0583 flying
t= 20.01s alt=   157.3m v=   19.8 vUp=   19.8 m=  6529.8kg fuel= 3879.8kg twr= 1.213 drag= 0.033 rho= 1.0403 flying
t= 21.01s alt=     178m v=  21.59 vUp=  21.59 m=  6508.8kg fuel= 3858.8kg twr= 1.229 drag= 0.039 rho= 1.0209 flying
t= 22.01s alt=   200.5m v=   23.5 vUp=   23.5 m=  6487.8kg fuel= 3837.8kg twr= 1.246 drag= 0.045 rho= 1.0002 flying
t= 23.01s alt=     225m v=  25.53 vUp=  25.53 m=  6466.8kg fuel= 3816.8kg twr= 1.265 drag= 0.053 rho= 0.9782 flying
t= 24.01s alt=   251.6m v=  27.67 vUp=  27.67 m=  6445.8kg fuel= 3795.8kg twr= 1.285 drag= 0.061 rho= 0.9548 flying
t= 25.01s alt=   280.5m v=  29.95 vUp=  29.95 m=  6424.8kg fuel= 3774.8kg twr= 1.307 drag= 0.069 rho= 0.9301 flying
t= 26.01s alt=   311.6m v=  32.36 vUp=  32.36 m=  6403.8kg fuel= 3753.8kg twr=  1.33 drag= 0.079 rho= 0.9042 flying
t= 27.01s alt=   345.2m v=  34.91 vUp=  34.91 m=  6382.8kg fuel= 3732.8kg twr= 1.356 drag= 0.089 rho=  0.877 flying
t= 28.01s alt=   381.5m v=  37.61 vUp=  37.61 m=  6361.8kg fuel= 3711.8kg twr= 1.383 drag= 0.101 rho= 0.8486 flying
t= 29.01s alt=   420.5m v=  40.46 vUp=  40.46 m=  6340.8kg fuel= 3690.8kg twr= 1.412 drag= 0.113 rho=  0.819 flying
t= 30.01s alt=   462.5m v=  43.46 vUp=  43.46 m=  6319.8kg fuel= 3669.8kg twr= 1.444 drag= 0.126 rho= 0.7884 flying
t= 31.01s alt=   507.6m v=  46.63 vUp=  46.63 m=  6298.8kg fuel= 3648.8kg twr= 1.478 drag=  0.14 rho= 0.7567 flying
t= 32.01s alt=   555.9m v=  49.97 vUp=  49.97 m=  6277.8kg fuel= 3627.8kg twr= 1.515 drag= 0.154 rho= 0.7242 flying
t= 33.01s alt=   607.6m v=  53.48 vUp=  53.48 m=  6256.8kg fuel= 3606.8kg twr= 1.555 drag= 0.169 rho=  0.691 flying
t= 34.01s alt=   662.9m v=  57.16 vUp=  57.16 m=  6235.8kg fuel= 3585.8kg twr= 1.598 drag= 0.184 rho= 0.6571 flying
t= 35.01s alt=     722m v=  61.03 vUp=  61.03 m=  6214.8kg fuel= 3564.8kg twr= 1.644 drag= 0.199 rho= 0.6228 flying
t= 36.01s alt=     785m v=  65.08 vUp=  65.08 m=  6193.8kg fuel= 3543.8kg twr= 1.694 drag= 0.215 rho= 0.5881 flying
t= 37.01s alt=   852.3m v=  69.33 vUp=  69.33 m=  6172.8kg fuel= 3522.8kg twr= 1.748 drag=  0.23 rho= 0.5533 flying
t= 38.01s alt=   923.8m v=  73.78 vUp=  73.78 m=  6151.8kg fuel= 3501.8kg twr= 1.806 drag= 0.245 rho= 0.5184 flying
t= 39.01s alt=   999.9m v=  78.42 vUp=  78.42 m=  6130.8kg fuel= 3480.8kg twr= 1.868 drag= 0.259 rho= 0.4838 flying
t= 40.01s alt=  1080.8m v=  83.27 vUp=  83.27 m=  6109.8kg fuel= 3459.8kg twr= 1.936 drag= 0.273 rho= 0.4495 flying
t= 41.01s alt=  1166.6m v=  88.32 vUp=  88.32 m=  6088.8kg fuel= 3438.8kg twr= 2.009 drag= 0.285 rho= 0.4158 flying
t= 42.01s alt=  1257.5m v=  93.59 vUp=  93.59 m=  6067.8kg fuel= 3417.8kg twr= 2.087 drag= 0.295 rho= 0.3828 flying
t= 43.01s alt=  1353.8m v=  99.06 vUp=  99.06 m=  6046.8kg fuel= 3396.8kg twr= 2.172 drag= 0.304 rho= 0.3507 flying
t= 44.01s alt=  1455.8m v= 104.76 vUp= 104.76 m=  6025.8kg fuel= 3375.8kg twr= 2.263 drag= 0.311 rho= 0.3197 flying
t= 45.01s alt=  1563.5m v= 110.67 vUp= 110.67 m=  6004.8kg fuel= 3354.8kg twr= 2.362 drag= 0.316 rho= 0.2899 flying
t= 46.01s alt=  1677.2m v=  116.8 vUp=  116.8 m=  5983.8kg fuel= 3333.8kg twr= 2.468 drag= 0.319 rho= 0.2614 flying
t= 47.01s alt=  1797.2m v= 123.16 vUp= 123.16 m=  5962.8kg fuel= 3312.8kg twr= 2.582 drag= 0.319 rho= 0.2344 flying
t= 48.01s alt=  1923.7m v= 129.73 vUp= 129.73 m=  5941.8kg fuel= 3291.8kg twr= 2.706 drag= 0.316 rho=  0.209 flying
t= 49.01s alt=  2056.8m v= 136.53 vUp= 136.53 m=  5920.8kg fuel= 3270.8kg twr= 2.839 drag= 0.312 rho= 0.1852 flying
t= 50.01s alt=  2196.9m v= 143.55 vUp= 143.55 m=  5899.8kg fuel= 3249.8kg twr= 2.982 drag= 0.304 rho=  0.163 flying
t= 51.01s alt=    2344m v= 150.79 vUp= 150.79 m=  5878.8kg fuel= 3228.8kg twr= 3.136 drag= 0.295 rho= 0.1426 flying
t= 52.01s alt=  2498.6m v= 158.26 vUp= 158.26 m=  5857.8kg fuel= 3207.8kg twr= 3.303 drag= 0.283 rho= 0.1239 flying
t= 53.01s alt=  2660.7m v= 165.94 vUp= 165.94 m=  5836.8kg fuel= 3186.8kg twr= 3.482 drag=  0.27 rho=  0.107 flying
t= 54.01s alt=  2830.6m v= 173.84 vUp= 173.84 m=  5815.8kg fuel= 3165.8kg twr= 3.675 drag= 0.255 rho= 0.0917 flying
t= 55.01s alt=  3008.5m v= 181.95 vUp= 181.95 m=  5794.8kg fuel= 3144.8kg twr= 3.883 drag= 0.238 rho=  0.078 flying
t= 56.01s alt=  3194.6m v= 190.27 vUp= 190.27 m=  5773.8kg fuel= 3123.8kg twr= 4.107 drag= 0.221 rho= 0.0658 flying
t= 57.01s alt=  3389.2m v=  198.8 vUp=  198.8 m=  5752.8kg fuel= 3102.8kg twr= 4.348 drag= 0.203 rho= 0.0552 flying
t= 58.01s alt=  3592.4m v= 207.54 vUp= 207.54 m=  5731.8kg fuel= 3081.8kg twr= 4.607 drag= 0.184 rho= 0.0459 flying
t= 59.01s alt=  3804.4m v= 216.46 vUp= 216.46 m=  5710.8kg fuel= 3060.8kg twr= 4.886 drag= 0.166 rho= 0.0378 flying
t= 60.01s alt=  4025.4m v= 225.59 vUp= 225.59 m=  5689.8kg fuel= 3039.8kg twr= 5.186 drag= 0.148 rho= 0.0309 flying
t= 61.01s alt=  4255.7m v= 234.89 vUp= 234.89 m=  5668.8kg fuel= 3018.8kg twr= 5.508 drag= 0.131 rho= 0.0251 flying
t= 62.01s alt=  4495.4m v= 244.38 vUp= 244.38 m=  5647.8kg fuel= 2997.8kg twr= 5.854 drag= 0.114 rho= 0.0202 flying
t= 63.01s alt=  4744.6m v= 254.04 vUp= 254.04 m=  5626.8kg fuel= 2976.8kg twr= 6.226 drag= 0.099 rho= 0.0161 flying
t=    64s alt=  5001.4m v= 263.79 vUp= 263.79 m=    5606kg fuel=   2956kg twr= 6.621 drag= 0.085 rho= 0.0127 space

EVENTS: 0s:ignition  1.4s:liftoff  64s:space