t=     0s alt=       0m v=      0 vUp=      0 m=    6370kg fuel=   1700kg twr=     0 drag=     0 rho=    1.2 ready
t=  1.01s alt=     1.5m v=   2.98 vUp=   2.98 m=  6345.8kg fuel= 1675.8kg twr= 1.332 drag= 0.001 rho= 1.1984 flying
t=  2.01s alt=       6m v=   5.99 vUp=   5.99 m=  6321.8kg fuel= 1651.8kg twr=  1.34 drag= 0.005 rho= 1.1935 flying
t=  3.01s alt=    13.5m v=   9.07 vUp=   9.07 m=  6297.8kg fuel= 1627.8kg twr=  1.35 drag= 0.012 rho= 1.1854 flying
t=  4.01s alt=    24.2m v=  12.23 vUp=  12.23 m=  6273.8kg fuel= 1603.8kg twr= 1.362 drag= 0.021 rho=  1.174 flying
t=     5s alt=    37.9m v=  15.45 vUp=  15.45 m=    6250kg fuel=   1580kg twr= 1.377 drag= 0.034 rho= 1.1595 flying
t=     6s alt=      55m v=  18.79 vUp=  18.79 m=    6226kg fuel=   1556kg twr= 1.394 drag=  0.05 rho= 1.1416 flying
t=     7s alt=    75.6m v=  22.25 vUp=  22.25 m=    6202kg fuel=   1532kg twr= 1.413 drag= 0.069 rho= 1.1205 flying
t=     8s alt=    99.6m v=  25.83 vUp=  25.83 m=    6178kg fuel=   1508kg twr= 1.436 drag= 0.091 rho= 1.0963 flying
t=     9s alt=   127.3m v=  29.54 vUp=  29.54 m=    6154kg fuel=   1484kg twr= 1.461 drag= 0.116 rho= 1.0691 flying
t=    10s alt=   158.8m v=  33.39 vUp=  33.39 m=    6130kg fuel=   1460kg twr= 1.489 drag= 0.145 rho=  1.039 flying
t=    11s alt=   194.2m v=  37.39 vUp=  37.39 m=    6106kg fuel=   1436kg twr=  1.52 drag= 0.177 rho= 1.0061 flying
t= 12.01s alt=     234m v=  41.59 vUp=  41.59 m=  6081.8kg fuel= 1411.8kg twr= 1.555 drag= 0.212 rho= 0.9704 flying
t= 13.01s alt=   277.7m v=  45.93 vUp=  45.93 m=  6057.8kg fuel= 1387.8kg twr= 1.594 drag=  0.25 rho= 0.9326 flying
t= 14.01s alt=   325.9m v=  50.45 vUp=  50.45 m=  6033.8kg fuel= 1363.8kg twr= 1.637 drag= 0.289 rho= 0.8926 flying
t= 15.01s alt=   378.7m v=  55.15 vUp=  55.15 m=  6009.8kg fuel= 1339.8kg twr= 1.683 drag= 0.331 rho= 0.8508 flying
t= 16.01s alt=   436.3m v=  60.06 vUp=  60.06 m=  5985.8kg fuel= 1315.8kg twr= 1.735 drag= 0.374 rho= 0.8074 flying
t= 17.01s alt=     499m v=  65.16 vUp=  65.16 m=  5961.8kg fuel= 1291.8kg twr= 1.791 drag= 0.418 rho= 0.7628 flying
t= 18.01s alt=   566.8m v=  70.49 vUp=  70.49 m=  5937.8kg fuel= 1267.8kg twr= 1.853 drag= 0.461 rho= 0.7172 flying
t= 19.01s alt=   640.1m v=  76.03 vUp=  76.03 m=  5913.8kg fuel= 1243.8kg twr= 1.921 drag= 0.504 rho=  0.671 flying
t= 20.01s alt=     719m v=   81.8 vUp=   81.8 m=  5889.8kg fuel= 1219.8kg twr= 1.995 drag= 0.546 rho= 0.6246 flying
t= 21.01s alt=   803.8m v=  87.81 vUp=  87.81 m=  5865.8kg fuel= 1195.8kg twr= 2.076 drag= 0.585 rho= 0.5783 flying
t= 22.01s alt=   894.7m v=  94.07 vUp=  94.07 m=  5841.8kg fuel= 1171.8kg twr= 2.164 drag=  0.62 rho= 0.5324 flying
t= 23.01s alt=   992.1m v= 100.57 vUp= 100.57 m=  5817.8kg fuel= 1147.8kg twr=  2.26 drag= 0.652 rho= 0.4873 flying
t= 24.01s alt=    1096m v= 107.33 vUp= 107.33 m=  5793.8kg fuel= 1123.8kg twr= 2.365 drag= 0.678 rho= 0.4434 flying
t= 25.01s alt=  1206.9m v= 114.36 vUp= 114.36 m=  5769.8kg fuel= 1099.8kg twr= 2.479 drag= 0.699 rho= 0.4009 flying
t= 26.01s alt=  1324.9m v= 121.66 vUp= 121.66 m=  5745.8kg fuel= 1075.8kg twr= 2.603 drag= 0.714 rho= 0.3602 flying
t= 27.01s alt=  1450.3m v= 129.23 vUp= 129.23 m=  5721.8kg fuel= 1051.8kg twr= 2.739 drag= 0.721 rho= 0.3214 flying
t= 28.01s alt=  1583.5m v= 137.08 vUp= 137.08 m=  5697.8kg fuel= 1027.8kg twr= 2.886 drag= 0.722 rho= 0.2847 flying
t= 29.01s alt=  1724.7m v= 145.22 vUp= 145.22 m=  5673.8kg fuel= 1003.8kg twr= 3.047 drag= 0.716 rho= 0.2505 flying
t= 30.01s alt=  1874.1m v= 153.65 vUp= 153.65 m=  5649.8kg fuel=  979.8kg twr= 3.222 drag= 0.703 rho= 0.2187 flying
t= 31.01s alt=  2032.1m v= 162.37 vUp= 162.37 m=  5625.8kg fuel=  955.8kg twr= 3.412 drag= 0.683 rho= 0.1894 flying
t= 32.01s alt=    2199m v= 171.39 vUp= 171.39 m=  5601.8kg fuel=  931.8kg twr= 3.619 drag= 0.657 rho= 0.1628 flying
t= 33.01s alt=  2375.1m v=  180.7 vUp=  180.7 m=  5577.8kg fuel=  907.8kg twr= 3.844 drag= 0.625 rho= 0.1387 flying
t= 34.01s alt=  2560.6m v=  190.3 vUp=  190.3 m=  5553.8kg fuel=  883.8kg twr= 4.088 drag= 0.588 rho= 0.1172 flying
t= 35.01s alt=  2755.9m v=  200.2 vUp=  200.2 m=  5529.8kg fuel=  859.8kg twr= 4.354 drag= 0.547 rho= 0.0981 flying
t= 36.01s alt=  2961.2m v= 210.38 vUp= 210.38 m=  5505.8kg fuel=  835.8kg twr= 4.643 drag= 0.504 rho= 0.0814 flying
t= 37.01s alt=  3176.8m v= 220.85 vUp= 220.85 m=  5481.8kg fuel=  811.8kg twr= 4.956 drag= 0.458 rho= 0.0669 flying
t= 38.01s alt=  3403.1m v=  231.6 vUp=  231.6 m=  5457.8kg fuel=  787.8kg twr= 5.297 drag= 0.412 rho= 0.0545 flying
t= 39.01s alt=  3640.2m v= 242.62 vUp= 242.62 m=  5433.8kg fuel=  763.8kg twr= 5.666 drag= 0.366 rho= 0.0439 flying
t= 40.01s alt=  3888.5m v=  253.9 vUp=  253.9 m=  5409.8kg fuel=  739.8kg twr= 6.067 drag= 0.321 rho= 0.0351 flying
t= 41.01s alt=  4148.2m v= 265.44 vUp= 265.44 m=  5385.8kg fuel=  715.8kg twr= 6.502 drag= 0.279 rho= 0.0277 flying
t= 42.01s alt=  4419.5m v= 277.22 vUp= 277.22 m=  5361.8kg fuel=  691.8kg twr= 6.974 drag= 0.239 rho= 0.0216 flying
t= 43.01s alt=  4702.8m v= 289.24 vUp= 289.24 m=  5337.8kg fuel=  667.8kg twr= 7.484 drag= 0.202 rho= 0.0167 flying
t= 44.01s alt=  4998.2m v= 301.49 vUp= 301.49 m=  5313.8kg fuel=  643.8kg twr= 8.037 drag= 0.168 rho= 0.0128 flying
t= 44.02s alt=  5000.7m v= 301.59 vUp= 301.59 m=  5313.6kg fuel=  643.6kg twr= 8.042 drag= 0.168 rho= 0.0128 space

EVENTS: 0s:ignition  0.58s:liftoff  44.02s:space