t=     0s alt=       0m v=      0 vUp=      0 m=    6950kg fuel=   4300kg twr=     0 drag=     0 rho=    1.2 ready
t=  1.01s alt=       1m v=   1.97 vUp=   1.97 m=  6925.8kg fuel= 4275.8kg twr=  1.22 drag=     0 rho= 1.1989 flying
t=  2.01s alt=       4m v=   3.97 vUp=   3.97 m=  6901.8kg fuel= 4251.8kg twr= 1.226 drag= 0.001 rho= 1.1957 flying
t=  3.01s alt=       9m v=   6.03 vUp=   6.03 m=  6877.8kg fuel= 4227.8kg twr= 1.233 drag= 0.003 rho= 1.1903 flying
t=  4.01s alt=    16.1m v=   8.15 vUp=   8.15 m=  6853.8kg fuel= 4203.8kg twr= 1.242 drag= 0.006 rho= 1.1827 flying
t=     5s alt=    25.2m v=  10.32 vUp=  10.32 m=    6830kg fuel=   4180kg twr= 1.252 drag=  0.01 rho= 1.1729 flying
t=     6s alt=    36.7m v=  12.59 vUp=  12.59 m=    6806kg fuel=   4156kg twr= 1.264 drag= 0.014 rho= 1.1607 flying
t=     7s alt=    50.5m v=  14.96 vUp=  14.96 m=    6782kg fuel=   4132kg twr= 1.277 drag=  0.02 rho= 1.1463 flying
t=     8s alt=    66.7m v=  17.41 vUp=  17.41 m=    6758kg fuel=   4108kg twr= 1.291 drag= 0.027 rho= 1.1296 flying
t=     9s alt=    85.4m v=  19.98 vUp=  19.98 m=    6734kg fuel=   4084kg twr= 1.308 drag= 0.035 rho= 1.1106 flying
t=    10s alt=   106.7m v=  22.66 vUp=  22.66 m=    6710kg fuel=   4060kg twr= 1.326 drag= 0.045 rho= 1.0893 flying
t=    11s alt=   130.7m v=  25.47 vUp=  25.47 m=    6686kg fuel=   4036kg twr= 1.347 drag= 0.055 rho= 1.0657 flying
t= 12.01s alt=   157.9m v=  28.43 vUp=  28.43 m=  6661.8kg fuel= 4011.8kg twr= 1.369 drag= 0.067 rho= 1.0397 flying
t= 13.01s alt=   187.9m v=  31.52 vUp=  31.52 m=  6637.8kg fuel= 3987.8kg twr= 1.394 drag= 0.081 rho= 1.0118 flying
t= 14.01s alt=     221m v=  34.75 vUp=  34.75 m=  6613.8kg fuel= 3963.8kg twr= 1.422 drag= 0.096 rho= 0.9818 flying
t= 15.01s alt=   257.5m v=  38.15 vUp=  38.15 m=  6589.8kg fuel= 3939.8kg twr= 1.451 drag= 0.112 rho= 0.9498 flying
t= 16.01s alt=   297.4m v=  41.71 vUp=  41.71 m=  6565.8kg fuel= 3915.8kg twr= 1.484 drag=  0.13 rho=  0.916 flying
t= 17.01s alt=     341m v=  45.44 vUp=  45.44 m=  6541.8kg fuel= 3891.8kg twr=  1.52 drag= 0.148 rho= 0.8804 flying
t= 18.01s alt=   388.4m v=  49.36 vUp=  49.36 m=  6517.8kg fuel= 3867.8kg twr= 1.559 drag= 0.168 rho= 0.8433 flying
t= 19.01s alt=   439.8m v=  53.47 vUp=  53.47 m=  6493.8kg fuel= 3843.8kg twr= 1.602 drag= 0.189 rho= 0.8049 flying
t= 20.01s alt=   495.4m v=  57.78 vUp=  57.78 m=  6469.8kg fuel= 3819.8kg twr= 1.648 drag= 0.211 rho= 0.7652 flying
t= 21.01s alt=   555.5m v=  62.29 vUp=  62.29 m=  6445.8kg fuel= 3795.8kg twr= 1.699 drag= 0.233 rho= 0.7246 flying
t= 22.01s alt=   620.1m v=  67.02 vUp=  67.02 m=  6421.8kg fuel= 3771.8kg twr= 1.754 drag= 0.255 rho= 0.6832 flying
t= 23.01s alt=   689.6m v=  71.96 vUp=  71.96 m=  6397.8kg fuel= 3747.8kg twr= 1.814 drag= 0.277 rho= 0.6414 flying
t= 24.01s alt=   764.2m v=  77.12 vUp=  77.12 m=  6373.8kg fuel= 3723.8kg twr= 1.879 drag= 0.299 rho= 0.5994 flying
t= 25.01s alt=     844m v=  82.52 vUp=  82.52 m=  6349.8kg fuel= 3699.8kg twr=  1.95 drag= 0.319 rho= 0.5575 flying
t= 26.01s alt=   929.3m v=  88.15 vUp=  88.15 m=  6325.8kg fuel= 3675.8kg twr= 2.027 drag= 0.339 rho= 0.5159 flying
t= 27.01s alt=  1020.4m v=  94.02 vUp=  94.02 m=  6301.8kg fuel= 3651.8kg twr=  2.11 drag= 0.356 rho= 0.4749 flying
t= 28.01s alt=  1117.5m v= 100.13 vUp= 100.13 m=  6277.8kg fuel= 3627.8kg twr= 2.201 drag= 0.371 rho= 0.4348 flying
t= 29.01s alt=  1220.8m v= 106.49 vUp= 106.49 m=  6253.8kg fuel= 3603.8kg twr= 2.299 drag= 0.384 rho= 0.3959 flying
t= 30.01s alt=  1330.6m v=  113.1 vUp=  113.1 m=  6229.8kg fuel= 3579.8kg twr= 2.406 drag= 0.393 rho= 0.3583 flying
t= 31.01s alt=  1447.1m v= 119.97 vUp= 119.97 m=  6205.8kg fuel= 3555.8kg twr= 2.522 drag= 0.399 rho= 0.3223 flying
t= 32.01s alt=  1570.7m v= 127.09 vUp= 127.09 m=  6181.8kg fuel= 3531.8kg twr= 2.648 drag= 0.402 rho= 0.2881 flying
t= 33.01s alt=  1701.5m v= 134.47 vUp= 134.47 m=  6157.8kg fuel= 3507.8kg twr= 2.785 drag= 0.401 rho= 0.2558 flying
t= 34.01s alt=  1839.8m v= 142.11 vUp= 142.11 m=  6133.8kg fuel= 3483.8kg twr= 2.933 drag= 0.397 rho= 0.2256 flying
t= 35.01s alt=  1985.8m v= 150.01 vUp= 150.01 m=  6109.8kg fuel= 3459.8kg twr= 3.094 drag= 0.389 rho= 0.1975 flying
t= 36.01s alt=  2139.9m v= 158.17 vUp= 158.17 m=  6085.8kg fuel= 3435.8kg twr= 3.268 drag= 0.377 rho= 0.1717 flying
t= 37.01s alt=  2302.3m v= 166.59 vUp= 166.59 m=  6061.8kg fuel= 3411.8kg twr= 3.457 drag= 0.363 rho= 0.1482 flying
t= 38.01s alt=  2473.3m v= 175.26 vUp= 175.26 m=  6037.8kg fuel= 3387.8kg twr= 3.661 drag= 0.345 rho= 0.1268 flying
t= 39.01s alt=    2653m v=  184.2 vUp=  184.2 m=  6013.8kg fuel= 3363.8kg twr= 3.883 drag= 0.325 rho= 0.1077 flying
t= 40.01s alt=  2841.8m v= 193.38 vUp= 193.38 m=  5989.8kg fuel= 3339.8kg twr= 4.123 drag= 0.303 rho= 0.0907 flying
t= 41.01s alt=  3039.9m v= 202.81 vUp= 202.81 m=  5965.8kg fuel= 3315.8kg twr= 4.382 drag= 0.279 rho= 0.0758 flying
t= 42.01s alt=  3247.6m v= 212.48 vUp= 212.48 m=  5941.8kg fuel= 3291.8kg twr= 4.663 drag= 0.255 rho= 0.0628 flying
t= 43.01s alt=  3465.1m v=  222.4 vUp=  222.4 m=  5917.8kg fuel= 3267.8kg twr= 4.967 drag=  0.23 rho= 0.0515 flying
t= 44.01s alt=  3692.5m v= 232.54 vUp= 232.54 m=  5893.8kg fuel= 3243.8kg twr= 5.296 drag= 0.205 rho= 0.0419 flying
t= 45.01s alt=  3930.3m v=  242.9 vUp=  242.9 m=  5869.8kg fuel= 3219.8kg twr= 5.652 drag= 0.181 rho= 0.0337 flying
t= 46.01s alt=  4178.5m v= 253.49 vUp= 253.49 m=  5845.8kg fuel= 3195.8kg twr= 6.036 drag= 0.158 rho= 0.0269 flying
t= 47.01s alt=  4437.4m v= 264.28 vUp= 264.28 m=  5821.8kg fuel= 3171.8kg twr=  6.45 drag= 0.137 rho= 0.0213 flying
t= 48.01s alt=  4707.2m v= 275.27 vUp= 275.27 m=  5797.8kg fuel= 3147.8kg twr= 6.898 drag= 0.116 rho= 0.0167 flying
t= 49.01s alt=  4988.1m v= 286.46 vUp= 286.46 m=  5773.8kg fuel= 3123.8kg twr=  7.38 drag= 0.098 rho= 0.0129 flying
t= 49.05s alt=  5000.1m v= 286.93 vUp= 286.93 m=  5772.8kg fuel= 3122.8kg twr= 7.401 drag= 0.097 rho= 0.0128 space

EVENTS: 0s:ignition  0.72s:liftoff  49.05s:space